// Jest Snapshot v1, https://goo.gl/fbAQLP

exports[`"DemoteHeading" option 1`] = `
"---
cover: null
---
## Title level 1

### Title level 2

#### Title level 3

##### Title level 4

###### Title level 5

###### Title level 6


**bold**


_italic_


<ins>underline</ins>


~~strikethrough~~ 


<sup>superscript</sup>


<sub>subscript</sub>


**_boldItalic_**


text with **space bold after** and _space italic before_.


		indented text


[Link](https://github.com/cedricdelpoux/gatsby-source-google-docs)


<span style=\\"font-size:1.45em\\">Text bigger</span>


Text Colored


Text with background color
"
`;

exports[`Crosslinks between documents 1`] = `
"---
cover: null
---

[to self](/relative-path)


[to self with user id](/relative-path)


[to self with edit](/relative-path)


[to self with preview](/relative-path)


[unknown url](https://docs.google.com/document/d/unknown)
"
`;
